Jogador 1: H2 C1
Jogador 2: E3
Jogador 1: H1
Jogador 2: P1 E1
Jogador 1: H1
Jogador 2: S1
