Jogador 1: Agua
Jogador 2: Agua
Jogador 1: Agua
Jogador 2: Agua
Jogador 1: Invalida
Jogador 1: Agua
Jogador 2: Agua
Jogador 1: S1
Jogador 2: Invalida
Jogador 2: Agua
Jogador 1: S1
Venceu o jogador 1
