[] 11 15
() 22 25
[] 27 31
[] 21 34
{} 44 48
() 58 62
() 57 63
{} 55 64
[] 52 65
[] 39 66
[] 36 67
() 18 68
[] 6 69
