SIM
NAO
NAO
SIM
SIM
SIM
NAO
NAO
SIM
NAO
NAO
SIM
NAO
SIM
SIM
NAO
SIM
SIM
SIM
NAO
