Passaram apenas 70 minutos!
Queres dizer, 1 hora e 10 minutos?!
