Passaram apenas 162 minutos!
Queres dizer, 2 horas e 42 minutos?!
