{} 10 18
{} 5 25
() 36 41
[] 45 51
{} 53 63
() 35 64
{} 2 65
