Passaram apenas 301 minutos!
Queres dizer, 5 horas e 1 minuto?!
