000110101110010001100011110111110000111110111010000101110110100010011011001011101100101110011001110100111001111001100000101000001010000001011001110010100100000111000001001000100101001100001100011100010000010100000111110111110001011101110000111101111010010
