{} 2 4
[] 7 9
() 6 14
() 22 29
{} 35 38
{} 33 41
[] 43 45
[] 57 59
() 56 64
() 53 65
() 52 66
[] 49 67
() 47 68
() 76 80
[] 73 81
{} 72 82
() 84 92
[] 18 93
() 102 106
() 99 107
[] 96 108
{} 123 125
[] 120 126
() 135 137
() 145 147
[] 142 148
[] 141 149
() 132 150
{} 156 160
() 155 161
[] 154 162
{} 119 163
[] 117 164
{} 178 182
() 175 183
[] 185 189
{} 172 190
[] 171 193
() 168 194
{} 116 195
{} 201 205
{} 213 218
() 212 221
{} 236 238
[] 243 245
{} 240 246
() 229 249
{} 228 260
() 225 261
() 209 262
() 200 263
{} 197 264
() 277 281
{} 276 288
[] 267 289
() 266 290
{} 295 297
{} 292 298
{} 95 299
() 301 313
