5
Atenas 2
Barcelona 2
Londres 4
Madrid 4
Paris 2
