() 20 30
() 19 35
() 12 36
{} 40 48
() 61 69
{} 71 75
() 58 76
[] 54 77
() 53 80
() 52 85
() 7 86
[] 91 97
() 90 100
{} 6 105
[] 3 114
[] 123 134
{} 120 139
() 142 148
{} 152 156
{} 119 157
() 116 168
{} 2 171
