[] 10 12
{} 7 13
[] 4 14
{} 1 15
[] 23 25
[] 20 26
[] 17 27
{} 38 40
{} 37 45
[] 36 46
[] 33 47
() 32 48
[] 61 67
() 60 68
[] 72 75
() 71 76
{} 83 87
{} 80 88
{} 70 93
[] 57 94
() 105 109
[] 104 110
{} 101 113
{} 120 124
() 117 125
{} 96 126
{} 129 135
() 128 136
{} 56 137
[] 147 149
() 156 158
[] 153 159
() 167 171
{} 166 172
{} 163 173
() 142 174
{} 139 175
[] 190 192
{} 183 199
[] 178 200
() 177 201
() 51 202
[] 31 203
