Jogador 1: H1
Jogador 2: S3
Jogador 1: Agua
Jogador 2: H3
Jogador 1: Invalida
Jogador 1: S1
Jogador 2: H2
Jogador 1: S3
Jogador 2: Invalida
Jogador 2: H1
