[] 13 17
[] 12 18
() 11 19
() 6 22
[] 33 37
[] 30 38
{} 5 39
() 46 48
{} 53 59
() 61 63
[] 50 64
() 45 65
{} 79 82
() 78 83
[] 77 84
{} 74 87
() 73 90
{} 72 91
() 100 102
() 106 116
{} 95 117
{} 69 118
[] 44 119
[] 126 128
[] 125 129
() 124 132
() 123 133
() 136 144
() 155 157
{} 148 158
{} 135 159
{} 41 160
{} 2 161
