AA
BBB
C
DDDDD
EEEE
FFF
GGGGGG
HHHHHHH
KKKKKK
WWWW
SSSSSSSSS
SSSSSSSS
ZZZZZZZZZ
WWWWW
TTTTTTTT
