{} 20 24
{} 15 25
[] 12 30
[] 34 42
[] 49 57
{} 61 65
() 46 66
{} 11 75
{} 6 80
