(1,1): no exterior
(-13,10): no exterior
(23,1): no exterior
(10,-1): no exterior
(0,0): no exterior
(2,-2): no exterior
(3,4): no exterior
(2,4): no exterior
(3,3): na fronteira
(-1,2): no exterior
(4,4): no interior
(12,1): no exterior
(89,1): no exterior
(123,1): no exterior
(1,-1): no exterior
(2,3): no exterior
(5,3): no interior
(7,3): na fronteira
(5,1): na fronteira
(5,5): na fronteira
