5
Atenas 1
Barcelona 3
Frankfurt 3
Madrid 5
Porto 4
