8
Barcelona 3
Frankfurt 3
Funchal 2
Lisboa 2
Londres 1
Madrid 1
Paris 3
Porto 2
