8
Barcelona 1
Frankfurt 1
Funchal 1
Lisboa 1
Londres 1
Madrid 1
Paris 1
Porto 1
