[] 6 12
() 3 15
[] 27 33
() 22 34
{} 44 48
[] 39 49
() 59 65
() 56 72
[] 51 77
{} 38 78
{} 19 79
{} 2 80
() 87 97
{} 84 102
