Jogador 1: Agua
Jogador 2: Agua
Jogador 1: Agua
Jogador 2: Agua
Jogador 1: Invalida
Jogador 1: Invalida
Jogador 1: Agua
