Claro que nao!
Sim, equilatero.
Sim.
Claro que nao!
