Jogador 1: Agua
Jogador 2: Agua
Jogador 1: Invalida
Jogador 1: Agua
Jogador 2: P1
Jogador 1: Invalida
Jogador 1: Invalida
Jogador 1: Invalida
Jogador 1: Invalida
Jogador 1: Invalida
Jogador 1: Invalida
