Passaram apenas 420 minutos!
Queres dizer, 7 horas?!
