{} 23 25
() 20 26
[] 19 27
() 16 28
[] 35 37
() 42 46
() 39 47
() 34 48
{} 13 49
() 51 55
{} 10 56
{} 72 76
{} 69 77
[] 66 88
{} 65 89
{} 63 90
() 58 97
() 8 98
{} 113 115
[] 112 116
() 108 117
{} 123 126
() 133 137
[] 139 141
{} 130 142
{} 153 155
{} 150 156
{} 147 161
[] 144 162
() 120 163
[] 119 164
{} 105 165
() 168 170
{} 172 176
[] 178 182
{} 167 183
[] 100 184
[] 5 185
{} 195 199
[] 190 200
{} 216 218
[] 220 228
{} 234 237
[] 213 238
{} 208 239
[] 205 240
{} 244 246
[] 204 247
{} 188 248
() 187 249
[] 251 253
() 2 254
{} 265 273
{} 262 274
{} 261 275
() 260 276
{} 259 277
() 258 278
() 257 279
() 294 301
{} 293 302
[] 290 303
() 287 304
() 286 307
[] 283 312
{} 319 323
[] 328 334
[] 327 335
() 349 353
[] 355 359
[] 348 360
{} 370 372
() 338 373
() 316 374
{} 388 392
[] 385 393
[] 384 394
{} 400 404
[] 406 410
() 381 411
[] 413 415
{} 378 416
{} 440 446
[] 439 451
{} 436 452
{} 431 453
() 455 459
() 428 460
() 425 461
[] 422 462
[] 420 463
() 419 464
{} 469 471
[] 482 486
{} 475 493
{} 468 494
() 501 511
() 516 518
{} 515 519
() 514 520
() 513 521
{} 498 526
{} 418 527
() 256 528
