Jogador 1: P2
Jogador 2: Agua
Jogador 1: Agua
Jogador 2: Invalida
Jogador 2: H2
Jogador 1: Invalida
Jogador 1: Agua
Jogador 2: H1
