AA
BBBBBBBBBBBBB
CCCCCCCCCC
D
E
FFF
GGGGGGGGGGGG
H
KKKKKK
WWWWWWWWWWWWWWWWWWWWWWWWWWWWWWWWWWWWWWWWWWWWWWWWW
