Passaram apenas 1439 minutos!
Queres dizer, 23 horas e 59 minutos?!
