7
Barcelona 10
Frankfurt 10
Funchal 10
Lisboa 10
Madrid 10
Paris 8
Porto 10
