[] 0 8
[] 20 22
[] 17 23
() 42 48
{} 39 49
[] 38 50
[] 37 53
() 36 54
[] 34 55
{} 28 56
[] 68 76
{} 65 77
() 64 81
[] 92 96
{} 98 100
[] 91 101
[] 103 105
() 88 108
{} 85 109
() 61 110
() 117 121
[] 114 130
() 139 141
() 145 147
() 136 148
[] 133 149
() 156 158
{} 155 159
[] 152 160
() 162 168
{} 172 174
() 171 177
() 170 182
() 187 189
{} 191 195
{} 184 196
[] 151 197
{} 58 198
[] 27 199
() 16 200
[] 222 224
() 219 225
[] 216 226
[] 209 229
{} 240 242
[] 238 243
() 235 247
() 250 252
{} 234 253
[] 255 261
[] 266 270
[] 274 278
() 265 279
() 282 286
[] 281 287
() 231 288
() 204 289
{} 12 290
