Jogador 1: Agua
Jogador 2: Agua
Jogador 1: P2 C1
Jogador 2: Invalida
Jogador 2: C1
Jogador 1: Invalida
Jogador 1: Agua
Jogador 2: P2
Jogador 1: P3
Jogador 2: Agua
Jogador 1: C1
Venceu o jogador 1
