001111010011000001100001001001011001001101010110010000001001001010100010010000101010001010000000000000000000010100000110100010110000111111111101101100111001111000000010110011110011001000100111001001100101010001101111001010001000101111110100111111010000100
