Sim, equilatero.
Claro que nao!
Claro que nao!
Claro que nao!
Claro que nao!
Claro que nao!
Claro que nao!
Sim.
Sim.
Sim.
Sim.
Claro que nao!
Claro que nao!
Claro que nao!
Claro que nao!
Claro que nao!
Claro que nao!
Claro que nao!
Claro que nao!
Sim.
Claro que nao!
Sim, equilatero.
