Passaram apenas 60 minutos!
Queres dizer, 1 hora?!
